../Core/Src/bmu_test.c:114:6:BMU_Test_Init	16	static
../Core/Src/bmu_test.c:143:6:BMU_Test_PrintMenu	8	static
../Core/Src/bmu_test.c:164:6:BMU_Test_ProcessCommand	24	static
../Core/Src/bmu_test.c:238:6:BMU_Test_SelfTest	16	static
../Core/Src/bmu_test.c:332:14:BMU_Test_GPIO_Outputs	16	static
../Core/Src/bmu_test.c:360:14:BMU_Test_GPIO_Inputs	16	static
../Core/Src/bmu_test.c:372:14:BMU_Test_Module_Outputs	24	static
../Core/Src/bmu_test.c:398:14:BMU_Test_LED	16	static
../Core/Src/bmu_test.c:412:14:BMU_Test_ADC_AllChannels	16	static
../Core/Src/bmu_test.c:430:14:BMU_Test_CAN1	48	static
../Core/Src/bmu_test.c:454:14:BMU_Test_CAN2	48	static
../Core/Src/bmu_test.c:478:14:BMU_Test_SPI4	24	static
../Core/Src/bmu_test.c:492:14:BMU_Test_I2C2	16	static
../Core/Src/bmu_test.c:506:14:BMU_Test_UART1	4	static
../Core/Src/bmu_test.c:515:14:BMU_Test_PowerControl	8	static
../Core/Src/bmu_test.c:530:14:BMU_Test_PowerGood	16	static
../Core/Src/bmu_test.c:540:6:BMU_Module_Enable	24	static
../Core/Src/bmu_test.c:552:6:BMU_Module_SetOutput	24	static
../Core/Src/bmu_test.c:564:6:BMU_Module_SetDeviceSelect	24	static
../Core/Src/bmu_test.c:582:6:BMU_Module_GetInput	16	static
../Core/Src/bmu_test.c:593:6:BMU_Power_Enable24V	24	static
../Core/Src/bmu_test.c:602:6:BMU_Power_Enable3V	24	static
../Core/Src/bmu_test.c:611:6:BMU_Power_Enable3V3A	24	static
../Core/Src/bmu_test.c:620:6:BMU_Power_Sleep	24	static
../Core/Src/bmu_test.c:629:6:BMU_Power_Get5VGood	8	static
../Core/Src/bmu_test.c:637:6:BMU_Power_Get3V3AGood	8	static
../Core/Src/bmu_test.c:645:6:BMU_CAN_SetMode	24	static
../Core/Src/bmu_test.c:659:6:BMU_Printf	16	static
../Core/Src/bmu_test.c:672:6:BMU_Test_PrintStats	16	static
../Core/Src/bmu_test.c:689:6:BMU_Test_ResetStats	4	static
../Core/Src/bmu_test.c:700:14:BMU_Test_GetStats	4	static
../Core/Src/bmu_test.c:708:6:BMU_Test_Delay	16	static
../Core/Src/bmu_test.c:718:13:update_stats	16	static
