../Core/Src/main.c:89:5:main	8	static
../Core/Src/main.c:237:6:SystemClock_Config	88	static
../Core/Src/main.c:279:13:MX_ADC1_Init	24	static
../Core/Src/main.c:331:13:MX_CAN1_Init	8	static
../Core/Src/main.c:368:13:MX_CAN2_Init	8	static
../Core/Src/main.c:405:13:MX_I2C2_Init	8	static
../Core/Src/main.c:439:13:MX_SPI4_Init	8	static
../Core/Src/main.c:477:13:MX_USART1_UART_Init	8	static
../Core/Src/main.c:510:13:MX_GPIO_Init	64	static
../Core/Src/main.c:692:6:HAL_UART_RxCpltCallback	16	static
../Core/Src/main.c:711:6:Error_Handler	4	static,ignoring_inline_asm
